before {
  errors: [
    {
      type: "pcb_trace_error",
      error_type: "pcb_trace_error",
      message: "PCB trace source_net_24_mst1_0 is too close to pcb_smtpad \"pcb_smtpad_79\" (gap: 0.125mm)",
      pcb_trace_id: "source_net_24_mst1_0",
      source_trace_id: "",
      pcb_trace_error_id: "overlap_source_net_24_mst1_0_pcb_smtpad_79",
      minimum_clearance: 0.15,
      actual_clearance: 0.12494542602730342,
      pcb_component_ids: [],
      pcb_port_ids: [ "pcb_port_81" ],
      center: [Object ...],
      first_contact_center: [Object ...],
      first_contact_message: "PCB trace source_net_24_mst1_0 is too close to pcb_smtpad \"pcb_smtpad_79\" (gap: 0.125mm)",
      first_actual_clearance: 0.12494542602730342,
      worst_contact_center: [Object ...],
      worst_contact_message: "PCB trace source_net_24_mst1_0 is too close to pcb_smtpad \"pcb_smtpad_79\" (gap: 0.125mm)",
      worst_actual_clearance: 0.12494542602730342,
    }
  ],
  count: 1,
  issueScore: 0.025054573972696573,
  legacyIssueScore: 0.025054573972696573,
  traceRouteIndexById: Map(148) {
    "source_net_41_0": 26,
    "source_net_40_mst0_0": 28,
    "source_net_40_mst1_0": 27,
    "source_net_39_mst0_0": 33,
    "source_net_39_mst1_0": 32,
    "source_net_38_0": 34,
    "source_net_37_0": 35,
    "source_net_36_mst0_0": 37,
    "source_net_36_mst1_0": 36,
    "source_net_35_mst0_0": 39,
    "source_net_35_mst1_0": 38,
    "source_net_34_0": 40,
    "source_net_33_0": 41,
    "source_net_32_0": 42,
    "source_net_31_0": 43,
    "source_net_30_0": 44,
    "source_net_29_0": 48,
    "source_net_28_mst0_0": 50,
    "source_net_28_mst1_0": 49,
    "source_net_27_mst0_0": 52,
    "source_net_27_mst1_0": 51,
    "source_net_26_mst0_0": 54,
    "source_net_26_mst1_0": 53,
    "source_net_25_mst0_0": 57,
    "source_net_25_mst1_0": 56,
    "source_net_25_mst2_0": 55,
    "source_net_24_mst0_0": 59,
    "source_net_24_mst1_0": 58,
    "source_net_23_0": 60,
    "source_net_22_0": 61,
    "source_net_21_0": 62,
    "source_net_20_0": 63,
    "source_net_19_mst0_0": 66,
    "source_net_19_mst1_0": 65,
    "source_net_18_0": 67,
    "source_net_17_0": 68,
    "source_net_16_0": 69,
    "source_net_15_0": 70,
    "source_net_14_0": 71,
    "source_net_13_mst0_0": 75,
    "source_net_13_mst1_0": 74,
    "source_net_13_mst2_0": 73,
    "source_net_13_mst3_0": 72,
    "source_net_12_0": 76,
    "source_net_11_mst0_0": 80,
    "source_net_11_mst1_0": 79,
    "source_net_11_mst2_0": 78,
    "source_net_11_mst3_0": 77,
    "source_net_10_0": 81,
    "source_net_9_mst0_0": 1,
    "source_net_9_mst1_0": 0,
    "source_net_8_mst0_0": 20,
    "source_net_8_mst1_0": 19,
    "source_net_8_mst2_0": 9,
    "source_net_8_mst3_0": 8,
    "source_net_8_mst4_0": 7,
    "source_net_8_mst5_0": 6,
    "source_net_8_mst6_0": 5,
    "source_net_8_mst7_0": 4,
    "source_net_8_mst8_0": 3,
    "source_net_8_mst9_0": 2,
    "source_net_8_mst10_0": 18,
    "source_net_8_mst11_0": 17,
    "source_net_8_mst12_0": 16,
    "source_net_8_mst13_0": 15,
    "source_net_8_mst14_0": 14,
    "source_net_8_mst15_0": 13,
    "source_net_8_mst16_0": 12,
    "source_net_8_mst17_0": 11,
    "source_net_8_mst18_0": 10,
    "source_net_7_mst0_0": 23,
    "source_net_7_mst1_0": 22,
    "source_net_7_mst2_0": 21,
    "source_net_6_0": 24,
    "source_net_5_0": 25,
    "source_net_4_mst0_0": 31,
    "source_net_4_mst1_0": 30,
    "source_net_4_mst2_0": 29,
    "source_net_3_mst0_0": 47,
    "source_net_3_mst1_0": 46,
    "source_net_3_mst2_0": 45,
    "source_net_2_0": 64,
    "source_net_1_mst0_0": 89,
    "source_net_1_mst1_0": 88,
    "source_net_1_mst2_0": 87,
    "source_net_1_mst3_0": 86,
    "source_net_1_mst4_0": 85,
    "source_net_1_mst5_0": 84,
    "source_net_1_mst6_0": 83,
    "source_net_1_mst7_0": 82,
    "source_net_0_mst0_0": 147,
    "source_net_0_mst1_0": 146,
    "source_net_0_mst2_0": 135,
    "source_net_0_mst3_0": 124,
    "source_net_0_mst4_0": 113,
    "source_net_0_mst5_0": 102,
    "source_net_0_mst6_0": 93,
    "source_net_0_mst7_0": 92,
    "source_net_0_mst8_0": 91,
    "source_net_0_mst9_0": 90,
    "source_net_0_mst10_0": 145,
    "source_net_0_mst11_0": 144,
    "source_net_0_mst12_0": 143,
    "source_net_0_mst13_0": 142,
    "source_net_0_mst14_0": 141,
    "source_net_0_mst15_0": 140,
    "source_net_0_mst16_0": 139,
    "source_net_0_mst17_0": 138,
    "source_net_0_mst18_0": 137,
    "source_net_0_mst19_0": 136,
    "source_net_0_mst20_0": 134,
    "source_net_0_mst21_0": 133,
    "source_net_0_mst22_0": 132,
    "source_net_0_mst23_0": 131,
    "source_net_0_mst24_0": 130,
    "source_net_0_mst25_0": 129,
    "source_net_0_mst26_0": 128,
    "source_net_0_mst27_0": 127,
    "source_net_0_mst28_0": 126,
    "source_net_0_mst29_0": 125,
    "source_net_0_mst30_0": 123,
    "source_net_0_mst31_0": 122,
    "source_net_0_mst32_0": 121,
    "source_net_0_mst33_0": 120,
    "source_net_0_mst34_0": 119,
    "source_net_0_mst35_0": 118,
    "source_net_0_mst36_0": 117,
    "source_net_0_mst37_0": 116,
    "source_net_0_mst38_0": 115,
    "source_net_0_mst39_0": 114,
    "source_net_0_mst40_0": 112,
    "source_net_0_mst41_0": 111,
    "source_net_0_mst42_0": 110,
    "source_net_0_mst43_0": 109,
    "source_net_0_mst44_0": 108,
    "source_net_0_mst45_0": 107,
    "source_net_0_mst46_0": 106,
    "source_net_0_mst47_0": 105,
    "source_net_0_mst48_0": 104,
    "source_net_0_mst49_0": 103,
    "source_net_0_mst50_0": 101,
    "source_net_0_mst51_0": 100,
    "source_net_0_mst52_0": 99,
    "source_net_0_mst53_0": 98,
    "source_net_0_mst54_0": 97,
    "source_net_0_mst55_0": 96,
    "source_net_0_mst56_0": 95,
    "source_net_0_mst57_0": 94,
  },
}
target 58 58
targeted 1 0.05624717103272715 [
  {
    type: "pcb_trace_error",
    error_type: "pcb_trace_error",
    message: "PCB trace source_net_24_mst1_0 is too close to PCB trace source_net_8_mst15_0 (gap: 0.094mm)",
    pcb_trace_id: "source_net_24_mst1_0",
    source_trace_id: "",
    pcb_trace_error_id: "overlap_source_net_24_mst1_0_source_net_8_mst15_0",
    minimum_clearance: 0.15,
    actual_clearance: 0.09375282896727284,
    pcb_component_ids: [],
    pcb_port_ids: [],
    center: {
      x: 3.8987177291271093,
      y: 1.9133179623279548,
    },
    first_contact_center: {
      x: 3.8987177291271093,
      y: 1.9133179623279548,
    },
    first_contact_message: "PCB trace source_net_24_mst1_0 is too close to PCB trace source_net_8_mst15_0 (gap: 0.094mm)",
    first_actual_clearance: 0.09375282896727284,
    worst_contact_center: {
      x: 3.8987177291271093,
      y: 1.9133179623279548,
    },
    worst_contact_message: "PCB trace source_net_24_mst1_0 is too close to PCB trace source_net_8_mst15_0 (gap: 0.094mm)",
    worst_actual_clearance: 0.09375282896727284,
  }
]
after true null {
  initialDrcIssueCount: 1,
  finalDrcIssueCount: 0,
  globalDrcForceImproveMaxIterations: 192,
  globalDrcForceImproveBroadForceAccepted: true,
  globalDrcForceImproveTargetedForceAccepted: false,
  globalDrcForceImproveCandidateAttempts: 51,
  globalDrcForceImproveViaInPadCandidateAttempts: 0,
  globalDrcForceImproveViaInPadCandidatesAccepted: 0,
  globalDrcForceImproveStalledIterations: 0,
  globalDrcForceImproveBestDrcIssueCountSeen: 1,
  globalDrcForceImproveBestDrcIssueScoreSeen: 0.025054573972696573,
  globalDrcForceImproveDrcCountPlateauChecks: 0,
  globalDrcForceImproveLargeBoardBroadFallbackMisses: 0,
  globalDrcForceImproveViaPadRepairRolledBack: false,
  globalDrcForceImproveReferenceInputDrcIssueCount: undefined,
  globalDrcForceImproveReferenceCandidateDrcIssueCount: undefined,
  globalDrcForceImproveReferenceCandidateRolledBack: false,
}
